Microchip MPLAB XC8 Compiler V1.33 ()

Linker command line:

--edf=C:\Program Files (x86)\Microchip\xc8\v1.33\dat\en_msgs.txt -cs \
  -h+dist/default/production\Domo.X.production.sym \
  --cmf=dist/default/production\Domo.X.production.cmf -z -Q18F23K20 \
  -oC:\Users\Tom\AppData\Local\Temp\s81c.6 \
  -Mdist/default/production/Domo.X.production.map -E1 -ver=XC8 \
  -ASTACK=0123h-01ffh -pstack=STACK -ACODE=00h-01FFFh -ACONST=00h-01FFFh \
  -ASMALLCONST=0200h-02FFhx30 -AMEDIUMCONST=0200h-01FFFh -ACOMRAM=01h-05Fh \
  -AABS1=00h-01FFh -ABIGRAM=01h-01FFh -ARAM=060h-0FFh,0100h-01FFh \
  -ABANK0=060h-0FFh -ABANK1=0100h-01FFh -ASFR=0F60h-0FFFh \
  -preset_vec=00h,intcode=08h,intcodelo,powerup,init,end_init \
  -pramtop=0200h -psmallconst=SMALLCONST -pmediumconst=MEDIUMCONST \
  -pconst=CONST -AFARRAM=00h-00h -ACONFIG=0300000h-030000Dh -pconfig=CONFIG \
  -AIDLOC=0200000h-0200007h -pidloc=IDLOC -AEEDATA=0F00000h-0F000FFh \
  -peeprom_data=EEDATA \
  -prdata=COMRAM,nvrram=COMRAM,nvbit=COMRAM,rbss=COMRAM,rbit=COMRAM \
  -pfarbss=FARRAM,fardata=FARRAM,nvFARRAM=FARRAM \
  -pintsave_regs=BIGRAM,bigbss=BIGRAM,bigdata=BIGRAM -pbss=RAM \
  -pidata=CODE,irdata=CODE,ibigdata=CODE,ifardata=CODE \
  C:\Users\Tom\AppData\Local\Temp\s81c.obj \
  dist/default/production\Domo.X.production.obj 

Object code version is 3.11

Machine type is 18F23K20

Call graph: (short form)




                Name                               Link     Load   Length Selector   Space Scale
C:\Users\Tom\AppData\Local\Temp\s81c.obj
                end_init                            4C8      4C8        4        4       0
                reset_vec                             0        0        4        0       0
                idloc                            200000   200000        8   200000       0
                config                           300000   300000        E   300000       0
dist/default/production\Domo.X.production.obj
                intcode                               8        8      4C0        4       0
                smallconst                          500      500       44      280       0
                text40                             1ACC     1ACC       1E      2A2       0
                text39                             1A12     1A12       28      2A2       0
                text38                             1498     1498       A8      2A2       0
                text37                             1132     1132       F0      2A2       0
                text36                             1A86     1A86       26      2A2       0
                text35                              AEA      AEA      1AC      2A2       0
                text34                             19DC     19DC       36      2A2       0
                text33                             103C     103C       F6      2A2       0
                text32                             182E     182E       5C      2A2       0
                text31                             16EA     16EA       82      2A2       0
                text30                             176C     176C       66      2A2       0
                text29                             1A60     1A60       26      2A2       0
                text28                             1AAC     1AAC       20      2A2       0
                text27                              544      544      33A      2A2       0
                text26                              E06      E06      128      2A2       0
                text25                             1B40     1B40       12      2A2       0
                text24                             17D2     17D2       5C      2A2       0
                text23                             1B52     1B52        C      2A2       0
                text22                             1B74     1B74        4      2A2       0
                text21                             1B5E     1B5E        A      2A2       0
                text20                             1B06     1B06       16      2A2       0
                text19                             18DC     18DC       48      2A2       0
                text18                             130C     130C       E2      2A2       0
                text17                             13EE     13EE       AA      2A2       0
                text16                             188A     188A       52      2A2       0
                text15                             1924     1924       42      2A2       0
                text14                             1540     1540       A4      2A2       0
                text13                             1B2E     1B2E       12      2A2       0
                text12                             1B6E     1B6E        6      2A2       0
                text11                             19A4     19A4       38      2A2       0
                text10                              F2E      F2E      10E      2A2       0
                text8                              1AEA     1AEA       1C      2A2       0
                text7                              15E4     15E4       84      2A2       0
                text6                              1668     1668       82      2A2       0
                text5                              1B1C     1B1C       12      2A2       0
                text4                              1B68     1B68        6      2A2       0
                text3                              1966     1966       3E      2A2       0
                text2                               C96      C96      170      2A2       0
                text1                              1222     1222       EA      2A2       0
                text0                               87E      87E      26C      2A2       0
                cstackCOMRAM                          1        1       59        1       1
                cstackBANK0                          60       60       62       60       1
                cstackBANK1                         100      100       1F      100       1
                bssBANK1                            11F      11F        4      100       1
                bssBANK0                             C2       C2       17       60       1
                bssCOMRAM                            5A       5A        3        1       1
                cinit                              1A3A     1A3A       26      2A2       0

TOTAL           Name                               Link     Load   Length     Space
        CLASS   STACK          

        CLASS   CODE           
                end_init                            4C8      4C8        4         0
                intcode                               8        8      4C0         0
                reset_vec                             0        0        4         0
                text40                             1ACC     1ACC       1E         0
                text39                             1A12     1A12       28         0
                text38                             1498     1498       A8         0
                text37                             1132     1132       F0         0
                text36                             1A86     1A86       26         0
                text35                              AEA      AEA      1AC         0
                text34                             19DC     19DC       36         0
                text33                             103C     103C       F6         0
                text32                             182E     182E       5C         0
                text31                             16EA     16EA       82         0
                text30                             176C     176C       66         0
                text29                             1A60     1A60       26         0
                text28                             1AAC     1AAC       20         0
                text27                              544      544      33A         0
                text26                              E06      E06      128         0
                text25                             1B40     1B40       12         0
                text24                             17D2     17D2       5C         0
                text23                             1B52     1B52        C         0
                text22                             1B74     1B74        4         0
                text21                             1B5E     1B5E        A         0
                text20                             1B06     1B06       16         0
                text19                             18DC     18DC       48         0
                text18                             130C     130C       E2         0
                text17                             13EE     13EE       AA         0
                text16                             188A     188A       52         0
                text15                             1924     1924       42         0
                text14                             1540     1540       A4         0
                text13                             1B2E     1B2E       12         0
                text12                             1B6E     1B6E        6         0
                text11                             19A4     19A4       38         0
                text10                              F2E      F2E      10E         0
                text8                              1AEA     1AEA       1C         0
                text7                              15E4     15E4       84         0
                text6                              1668     1668       82         0
                text5                              1B1C     1B1C       12         0
                text4                              1B68     1B68        6         0
                text3                              1966     1966       3E         0
                text2                               C96      C96      170         0
                text1                              1222     1222       EA         0
                text0                               87E      87E      26C         0
                cinit                              1A3A     1A3A       26         0

        CLASS   CONST          

        CLASS   SMALLCONST     
                smallconst                          500      500       44         0

        CLASS   MEDIUMCONST    

        CLASS   COMRAM         
                cstackCOMRAM                          1        1       59         1
                bssCOMRAM                            5A       5A        3         1

        CLASS   ABS1           

        CLASS   BIGRAM         

        CLASS   RAM            

        CLASS   BANK0          
                cstackBANK0                          60       60       62         1
                bssBANK0                             C2       C2       17         1

        CLASS   BANK1          
                cstackBANK1                         100      100       1F         1
                bssBANK1                            11F      11F        4         1

        CLASS   SFR            

        CLASS   FARRAM         

        CLASS   CONFIG         
                config                           300000   300000        E         0

        CLASS   IDLOC          
                idloc                            200000   200000        8         0

        CLASS   EEDATA         



SEGMENTS        Name                           Load    Length   Top    Selector   Space  Class

                reset_vec                      000000  000004  000004         0       0  CODE    
                cstackCOMRAM                   000001  00005C  00005D         1       1  COMRAM  
                intcode                        000008  0004C4  0004CC         4       0  CODE    
                cstackBANK0                    000060  000079  0000D9        60       1  BANK0   
                cstackBANK1                    000100  000023  000123       100       1  BANK1   
                smallconst                     000500  000044  000544       280       0  SMALLCON
                text27                         000544  001634  001B78       2A2       0  CODE    
                idloc                          200000  000008  200008    200000       0  IDLOC   
                config                         300000  00000E  30000E    300000       0  CONFIG  


UNUSED ADDRESS RANGES

        Name                Unused          Largest block    Delta
        BANK0            0000D9-0000FF               27
        BANK1            000123-0001FF               DD
        BIGRAM           00005D-00005F                3
                         0000D9-0000FF               27
                         000123-0001FF               DD
        CODE             000004-000007                4
                         0004CC-0004FF               34
                         001B78-001FFF              488
        COMRAM           00005D-00005F                3
        CONST            000004-000007                4
                         0004CC-0004FF               34
                         001B78-001FFF              488
        EEDATA           F00000-F000FF              100
        MEDIUMCONST      0004CC-0004FF               34
                         001B78-001FFF              488
        RAM              0000D9-0000FF               27
                         000123-0001FF               DD
        SFR              000F60-000FFF               A0
        SMALLCONST       0004CC-0004FF               34
                         001B78-001FFF              100
        STACK            000123-0001FF               DD

                                  Symbol Table

?_ReadADC                    cstackCOMRAM 000001
?_ReadSHORT                  cstackCOMRAM 000002
?___awtoft                   cstackCOMRAM 000009
?___ftadd                    cstackCOMRAM 000035
?___ftdiv                    cstackCOMRAM 00000D
?___ftmul                    cstackCOMRAM 00001C
?___ftneg                    cstackCOMRAM 000001
?___ftpack                   cstackCOMRAM 000001
?___ftsub                    cstackCOMRAM 000041
?___fttol                    cstackCOMRAM 00002B
?___lldiv                    cstackCOMRAM 000001
?___llmod                    cstackCOMRAM 00000E
?___lltoft                   cstackCOMRAM 000009
?___lwdiv                    cstackCOMRAM 000001
?___lwmod                    cstackCOMRAM 000001
?___wmul                     cstackCOMRAM 000001
?_ftoa                       cstackCOMRAM 000047
?_readtemp                   cstackCOMRAM 00002B
?_sprintf                    cstackCOMRAM 000017
Delay10KTCYx@unit            cstackBANK1  000101
OpenADC@config               cstackBANK1  000106
OpenADC@config2              cstackBANK1  000100
OpenADC@portconfig           cstackBANK1  000101
OpenUSART@config             cstackBANK1  000105
OpenUSART@spbrg              cstackBANK1  000100
ReadSHORT@d                  cstackCOMRAM 000005
ReadUSART@data               cstackCOMRAM 000001
Read_b_eep@badd              cstackBANK1  000100
SetChanADC@channel           cstackCOMRAM 000002
WriteUSART@data              cstackCOMRAM 000001
Write_b_eep@GIE_BIT_VAL      cstackBANK1  000103
Write_b_eep@badd             cstackBANK1  000100
Write_b_eep@bdat             cstackBANK1  000102
_ADCON0                      (abs)        000FC2
_ADCON0bits                  (abs)        000FC2
_ADCON1                      (abs)        000FC1
_ADCON2                      (abs)        000FC0
_ADCStringVal                bssBANK0     0000C2
_ADRESH                      (abs)        000FC4
_ADRESL                      (abs)        000FC3
_ANSEL                       (abs)        000F7E
_ANSELH                      (abs)        000F7F
_BAUDCONbits                 (abs)        000FB8
_BusyADC                     text23       001B52
_Busy_eep                    text4        001B68
_ConvertADC                  text22       001B74
_Delay10KTCYx                text8        001AEA
_EEADR                       (abs)        000FA9
_EECON1bits                  (abs)        000FA6
_EECON2                      (abs)        000FA7
_EEDATA                      (abs)        000FA8
_FVREN                       (abs)        007DA7
_HLVDEN                      (abs)        007E94
_HLVDIE                      (abs)        007D02
_HLVDIF                      (abs)        007D0A
_HLVDL0                      (abs)        007E90
_HLVDL1                      (abs)        007E91
_HLVDL2                      (abs)        007E92
_HLVDL3                      (abs)        007E93
_INTCONbits                  (abs)        000FF2
_OSCCONbits                  (abs)        000FD3
_OpenADC                     text7        0015E4
_OpenUSART                   text6        001668
_PIE1bits                    (abs)        000F9D
_PIR1bits                    (abs)        000F9E
_PORTAbits                   (abs)        000F80
_PORTBbits                   (abs)        000F81
_PORTC                       (abs)        000F82
_RCREG                       (abs)        000FAE
_RCSTA                       (abs)        000FAB
_RCSTAbits                   (abs)        000FAB
_ReadADC                     text21       001B5E
_ReadSHORT                   text39       001A12
_ReadUSART                   text40       001ACC
_Read_b_eep                  text5        001B1C
_SBOREN                      (abs)        007E86
_SPBRG                       (abs)        000FAF
_SPBRGH                      (abs)        000FB0
_SetChanADC                  text20       001B06
_TRISA                       (abs)        000F92
_TRISB                       (abs)        000F93
_TRISC                       (abs)        000F94
_TRISCbits                   (abs)        000F94
_TXREG                       (abs)        000FAD
_TXSTA                       (abs)        000FAC
_TXSTAbits                   (abs)        000FAC
_USART_Status                bssCOMRAM    00005C
_VDIRMAG                     (abs)        007E97
_WR                          (abs)        007D31
_WriteUSART                  text25       001B40
_Write_b_eep                 text3        001966
__CFG_BOREN$ON               (abs)        000000
__CFG_BORV$22                (abs)        000000
__CFG_CCP2MX$PORTC           (abs)        000000
__CFG_CP0$OFF                (abs)        000000
__CFG_CP1$OFF                (abs)        000000
__CFG_CPB$OFF                (abs)        000000
__CFG_CPD$OFF                (abs)        000000
__CFG_EBTR0$OFF              (abs)        000000
__CFG_EBTR1$OFF              (abs)        000000
__CFG_EBTRB$OFF              (abs)        000000
__CFG_FCMEN$OFF              (abs)        000000
__CFG_FOSC$INTIO67           (abs)        000000
__CFG_HFOFST$ON              (abs)        000000
__CFG_IESO$OFF               (abs)        000000
__CFG_LPT1OSC$OFF            (abs)        000000
__CFG_LVP$OFF                (abs)        000000
__CFG_MCLRE$OFF              (abs)        000000
__CFG_PBADEN$OFF             (abs)        000000
__CFG_PWRT$OFF               (abs)        000000
__CFG_STVREN$ON              (abs)        000000
__CFG_WDTEN$ON               (abs)        000000
__CFG_WDTPS$1024             (abs)        000000
__CFG_WRT0$OFF               (abs)        000000
__CFG_WRT1$OFF               (abs)        000000
__CFG_WRTB$OFF               (abs)        000000
__CFG_WRTC$OFF               (abs)        000000
__CFG_WRTD$OFF               (abs)        000000
__CFG_XINST$OFF              (abs)        000000
__HRAM                       (abs)        000000
__Habs1                      abs1         000000
__Hbank0                     bank0        000000
__Hbank1                     bank1        000000
__Hbigbss                    bigbss       000000
__Hbigdata                   bigdata      000000
__Hbigram                    bigram       000000
__Hbss                       bss          000000
__HbssBANK0                  bssBANK0     000000
__HbssBANK1                  bssBANK1     000000
__HbssCOMRAM                 bssCOMRAM    000000
__Hcinit                     cinit        000000
__Hclrtext                   clrtext      000000
__Hcomram                    comram       000000
__Hconfig                    config       30000E
__Hconst                     const        000000
__HcstackBANK0               cstackBANK0  000000
__HcstackBANK1               cstackBANK1  000000
__HcstackCOMRAM              cstackCOMRAM 000000
__Hdata                      data         000000
__Heeprom_data               eeprom_data  000000
__Hend_init                  end_init     0004CC
__Hfarbss                    farbss       000000
__Hfardata                   fardata      000000
__Hibigdata                  ibigdata     000000
__Hidata                     idata        000000
__Hidloc                     idloc        200008
__Hifardata                  ifardata     000000
__Hinit                      init         0004C8
__Hintcode                   intcode      0004C8
__Hintcode_body              intcode_body 000000
__Hintcodelo                 intcodelo    0004C8
__Hintentry                  intentry     000000
__Hintret                    intret       000000
__Hintsave_regs              intsave_regs 000000
__Hirdata                    irdata       000000
__Hmediumconst               mediumconst  000000
__HnvFARRAM                  nvFARRAM     000000
__Hnvbit                     nvbit        000000
__Hnvrram                    nvrram       000000
__Hparam                     rparam       000000
__Hpowerup                   powerup      0004C8
__Hram                       ram          000000
__Hramtop                    ramtop       000200
__Hrbit                      rbit         000000
__Hrbss                      rbss         000000
__Hrdata                     rdata        000000
__Hreset_vec                 reset_vec    000004
__Hrparam                    rparam       000000
__Hsfr                       sfr          000000
__Hsmallconst                smallconst   000544
__Hspace_0                   (abs)        30000E
__Hspace_1                   (abs)        000123
__Hspace_2                   (abs)        000000
__Hstack                     stack        000000
__Hstruct                    struct       000000
__Htemp                      temp         000000
__Htext                      text         000000
__Htext0                     text0        000000
__Htext1                     text1        000000
__Htext10                    text10       000000
__Htext11                    text11       000000
__Htext12                    text12       000000
__Htext13                    text13       000000
__Htext14                    text14       000000
__Htext15                    text15       000000
__Htext16                    text16       000000
__Htext17                    text17       000000
__Htext18                    text18       000000
__Htext19                    text19       000000
__Htext2                     text2        000000
__Htext20                    text20       000000
__Htext21                    text21       000000
__Htext22                    text22       000000
__Htext23                    text23       000000
__Htext24                    text24       000000
__Htext25                    text25       000000
__Htext26                    text26       000000
__Htext27                    text27       000000
__Htext28                    text28       000000
__Htext29                    text29       000000
__Htext3                     text3        000000
__Htext30                    text30       000000
__Htext31                    text31       000000
__Htext32                    text32       000000
__Htext33                    text33       000000
__Htext34                    text34       000000
__Htext35                    text35       000000
__Htext36                    text36       000000
__Htext37                    text37       000000
__Htext38                    text38       000000
__Htext39                    text39       000000
__Htext4                     text4        000000
__Htext40                    text40       000000
__Htext5                     text5        000000
__Htext6                     text6        000000
__Htext7                     text7        000000
__Htext8                     text8        000000
__LRAM                       (abs)        000001
__Labs1                      abs1         000000
__Lbank0                     bank0        000000
__Lbank1                     bank1        000000
__Lbigbss                    bigbss       000000
__Lbigdata                   bigdata      000000
__Lbigram                    bigram       000000
__Lbss                       bss          000000
__LbssBANK0                  bssBANK0     000000
__LbssBANK1                  bssBANK1     000000
__LbssCOMRAM                 bssCOMRAM    000000
__Lcinit                     cinit        000000
__Lclrtext                   clrtext      000000
__Lcomram                    comram       000000
__Lconfig                    config       300000
__Lconst                     const        000000
__LcstackBANK0               cstackBANK0  000000
__LcstackBANK1               cstackBANK1  000000
__LcstackCOMRAM              cstackCOMRAM 000000
__Ldata                      data         000000
__Leeprom_data               eeprom_data  000000
__Lend_init                  end_init     0004C8
__Lfarbss                    farbss       000000
__Lfardata                   fardata      000000
__Libigdata                  ibigdata     000000
__Lidata                     idata        000000
__Lidloc                     idloc        200000
__Lifardata                  ifardata     000000
__Linit                      init         0004C8
__Lintcode                   intcode      000008
__Lintcode_body              intcode_body 000000
__Lintcodelo                 intcodelo    0004C8
__Lintentry                  intentry     000000
__Lintret                    intret       000000
__Lintsave_regs              intsave_regs 000000
__Lirdata                    irdata       000000
__Lmediumconst               mediumconst  000000
__LnvFARRAM                  nvFARRAM     000000
__Lnvbit                     nvbit        000000
__Lnvrram                    nvrram       000000
__Lparam                     rparam       000000
__Lpowerup                   powerup      0004C8
__Lram                       ram          000000
__Lramtop                    ramtop       000200
__Lrbit                      rbit         000000
__Lrbss                      rbss         000000
__Lrdata                     rdata        000000
__Lreset_vec                 reset_vec    000000
__Lrparam                    rparam       000000
__Lsfr                       sfr          000000
__Lsmallconst                smallconst   000500
__Lspace_0                   (abs)        000000
__Lspace_1                   (abs)        000000
__Lspace_2                   (abs)        000000
__Lstack                     stack        000000
__Lstruct                    struct       000000
__Ltemp                      temp         000000
__Ltext                      text         000000
__Ltext0                     text0        000000
__Ltext1                     text1        000000
__Ltext10                    text10       000000
__Ltext11                    text11       000000
__Ltext12                    text12       000000
__Ltext13                    text13       000000
__Ltext14                    text14       000000
__Ltext15                    text15       000000
__Ltext16                    text16       000000
__Ltext17                    text17       000000
__Ltext18                    text18       000000
__Ltext19                    text19       000000
__Ltext2                     text2        000000
__Ltext20                    text20       000000
__Ltext21                    text21       000000
__Ltext22                    text22       000000
__Ltext23                    text23       000000
__Ltext24                    text24       000000
__Ltext25                    text25       000000
__Ltext26                    text26       000000
__Ltext27                    text27       000000
__Ltext28                    text28       000000
__Ltext29                    text29       000000
__Ltext3                     text3        000000
__Ltext30                    text30       000000
__Ltext31                    text31       000000
__Ltext32                    text32       000000
__Ltext33                    text33       000000
__Ltext34                    text34       000000
__Ltext35                    text35       000000
__Ltext36                    text36       000000
__Ltext37                    text37       000000
__Ltext38                    text38       000000
__Ltext39                    text39       000000
__Ltext4                     text4        000000
__Ltext40                    text40       000000
__Ltext5                     text5        000000
__Ltext6                     text6        000000
__Ltext7                     text7        000000
__Ltext8                     text8        000000
__S0                         (abs)        30000E
__S1                         (abs)        000123
__S2                         (abs)        000000
___awtoft                    text19       0018DC
___awtoft@c                  cstackCOMRAM 000009
___awtoft@sign               cstackCOMRAM 00000C
___ftadd                     text35       000AEA
___ftadd@exp1                cstackCOMRAM 000040
___ftadd@exp2                cstackCOMRAM 00003F
___ftadd@f1                  cstackCOMRAM 000035
___ftadd@f2                  cstackCOMRAM 000038
___ftadd@sign                cstackCOMRAM 00003E
___ftdiv                     text18       00130C
___ftdiv@cntr                cstackCOMRAM 000016
___ftdiv@exp                 cstackCOMRAM 00001A
___ftdiv@f1                  cstackCOMRAM 00000D
___ftdiv@f2                  cstackCOMRAM 000010
___ftdiv@f3                  cstackCOMRAM 000017
___ftdiv@sign                cstackCOMRAM 00001B
___ftmul                     text37       001132
___ftmul@cntr                cstackCOMRAM 000029
___ftmul@exp                 cstackCOMRAM 000025
___ftmul@f1                  cstackCOMRAM 00001C
___ftmul@f2                  cstackCOMRAM 00001F
___ftmul@f3_as_product       cstackCOMRAM 000026
___ftmul@sign                cstackCOMRAM 00002A
___ftneg                     text36       001A86
___ftneg@f1                  cstackCOMRAM 000001
___ftpack                    text38       001498
___ftpack@arg                cstackCOMRAM 000001
___ftpack@exp                cstackCOMRAM 000004
___ftpack@sign               cstackCOMRAM 000005
___ftsub                     text34       0019DC
___ftsub@f1                  cstackCOMRAM 000041
___ftsub@f2                  cstackCOMRAM 000044
___fttol                     text33       00103C
___fttol@exp1                cstackCOMRAM 000039
___fttol@f1                  cstackCOMRAM 00002B
___fttol@lval                cstackCOMRAM 000035
___fttol@sign1               cstackCOMRAM 000034
___inthi_sp                  stack        000000
___intlo_sp                  stack        000000
___lldiv                     text31       0016EA
___lldiv@counter             cstackCOMRAM 00000D
___lldiv@dividend            cstackCOMRAM 000001
___lldiv@divisor             cstackCOMRAM 000005
___lldiv@quotient            cstackCOMRAM 000009
___llmod                     text30       00176C
___llmod@counter             cstackCOMRAM 000016
___llmod@dividend            cstackCOMRAM 00000E
___llmod@divisor             cstackCOMRAM 000012
___lltoft                    text32       00182E
___lltoft@c                  cstackCOMRAM 000009
___lltoft@exp                cstackCOMRAM 000011
___lwdiv                     text16       00188A
___lwdiv@counter             cstackCOMRAM 000007
___lwdiv@dividend            cstackCOMRAM 000001
___lwdiv@divisor             cstackCOMRAM 000003
___lwdiv@quotient            cstackCOMRAM 000005
___lwmod                     text15       001924
___lwmod@counter             cstackCOMRAM 000005
___lwmod@dividend            cstackCOMRAM 000001
___lwmod@divisor             cstackCOMRAM 000003
___sp                        stack        000000
___wmul                      text29       001A60
___wmul@multiplicand         cstackCOMRAM 000003
___wmul@multiplier           cstackCOMRAM 000001
___wmul@product              cstackCOMRAM 000005
__accesstop                  (abs)        000060
__activetblptr               (abs)        000002
__end_of_BusyADC             text23       001B5E
__end_of_Busy_eep            text4        001B6E
__end_of_ConvertADC          text22       001B78
__end_of_Delay10KTCYx        text8        001B06
__end_of_OpenADC             text7        001668
__end_of_OpenUSART           text6        0016EA
__end_of_ReadADC             text21       001B68
__end_of_ReadSHORT           text39       001A3A
__end_of_ReadUSART           text40       001AEA
__end_of_Read_b_eep          text5        001B2E
__end_of_SetChanADC          text20       001B1C
__end_of_WriteUSART          text25       001B52
__end_of_Write_b_eep         text3        0019A4
__end_of___awtoft            text19       001924
__end_of___ftadd             text35       000C96
__end_of___ftdiv             text18       0013EE
__end_of___ftmul             text37       001222
__end_of___ftneg             text36       001AAC
__end_of___ftpack            text38       001540
__end_of___ftsub             text34       001A12
__end_of___fttol             text33       001132
__end_of___lldiv             text31       00176C
__end_of___llmod             text30       0017D2
__end_of___lltoft            text32       00188A
__end_of___lwdiv             text16       0018DC
__end_of___lwmod             text15       001966
__end_of___wmul              text29       001A86
__end_of__initialization     cinit        001A56
__end_of__stringdata         smallconst   000543
__end_of_dpowers             smallconst   000529
__end_of_ftoa                text26       000F2E
__end_of_interruptHandler    intcode      0004C8
__end_of_isdigit             text28       001ACC
__end_of_main                text0        000AEA
__end_of_putsUSART           text24       00182E
__end_of_readtemp            text17       001498
__end_of_setDefault          text1        00130C
__end_of_setMask             text2        000E06
__end_of_sprintf             text27       00087E
__end_of_utoa                text14       0015E4
__end_ofi2_Busy_eep          text12       001B74
__end_ofi2_Read_b_eep        text13       001B40
__end_ofi2_Write_b_eep       text11       0019DC
__end_ofi2_setMask           text10       00103C
__initialization             cinit        001A3A
__mediumconst                mediumconst  000000
__pbssBANK0                  bssBANK0     0000C2
__pbssBANK1                  bssBANK1     00011F
__pbssCOMRAM                 bssCOMRAM    00005A
__pcinit                     cinit        001A3A
__pcstackBANK0               cstackBANK0  000060
__pcstackBANK1               cstackBANK1  000100
__pcstackCOMRAM              cstackCOMRAM 000001
__pintcode                   intcode      000008
__psmallconst                smallconst   000500
__ptext0                     text0        00087E
__ptext1                     text1        001222
__ptext10                    text10       000F2E
__ptext11                    text11       0019A4
__ptext12                    text12       001B6E
__ptext13                    text13       001B2E
__ptext14                    text14       001540
__ptext15                    text15       001924
__ptext16                    text16       00188A
__ptext17                    text17       0013EE
__ptext18                    text18       00130C
__ptext19                    text19       0018DC
__ptext2                     text2        000C96
__ptext20                    text20       001B06
__ptext21                    text21       001B5E
__ptext22                    text22       001B74
__ptext23                    text23       001B52
__ptext24                    text24       0017D2
__ptext25                    text25       001B40
__ptext26                    text26       000E06
__ptext27                    text27       000544
__ptext28                    text28       001AAC
__ptext29                    text29       001A60
__ptext3                     text3        001966
__ptext30                    text30       00176C
__ptext31                    text31       0016EA
__ptext32                    text32       00182E
__ptext33                    text33       00103C
__ptext34                    text34       0019DC
__ptext35                    text35       000AEA
__ptext36                    text36       001A86
__ptext37                    text37       001132
__ptext38                    text38       001498
__ptext39                    text39       001A12
__ptext4                     text4        001B68
__ptext40                    text40       001ACC
__ptext5                     text5        001B1C
__ptext6                     text6        001668
__ptext7                     text7        0015E4
__ptext8                     text8        001AEA
__ramtop                     ramtop       000200
__size_of_BusyADC            (abs)        000000
__size_of_Busy_eep           (abs)        000000
__size_of_ConvertADC         (abs)        000000
__size_of_Delay10KTCYx       (abs)        000000
__size_of_OpenADC            (abs)        000000
__size_of_OpenUSART          (abs)        000000
__size_of_ReadADC            (abs)        000000
__size_of_ReadSHORT          (abs)        000000
__size_of_ReadUSART          (abs)        000000
__size_of_Read_b_eep         (abs)        000000
__size_of_SetChanADC         (abs)        000000
__size_of_WriteUSART         (abs)        000000
__size_of_Write_b_eep        (abs)        000000
__size_of___awtoft           (abs)        000000
__size_of___ftadd            (abs)        000000
__size_of___ftdiv            (abs)        000000
__size_of___ftmul            (abs)        000000
__size_of___ftneg            (abs)        000000
__size_of___ftpack           (abs)        000000
__size_of___ftsub            (abs)        000000
__size_of___fttol            (abs)        000000
__size_of___lldiv            (abs)        000000
__size_of___llmod            (abs)        000000
__size_of___lltoft           (abs)        000000
__size_of___lwdiv            (abs)        000000
__size_of___lwmod            (abs)        000000
__size_of___wmul             (abs)        000000
__size_of_ftoa               (abs)        000000
__size_of_interruptHandler   (abs)        000000
__size_of_isdigit            (abs)        000000
__size_of_main               (abs)        000000
__size_of_putsUSART          (abs)        000000
__size_of_readtemp           (abs)        000000
__size_of_setDefault         (abs)        000000
__size_of_setMask            (abs)        000000
__size_of_sprintf            (abs)        000000
__size_of_utoa               (abs)        000000
__size_ofi2_Busy_eep         (abs)        000000
__size_ofi2_Read_b_eep       (abs)        000000
__size_ofi2_Write_b_eep      (abs)        000000
__size_ofi2_setMask          (abs)        000000
__smallconst                 smallconst   000500
__stringdata                 smallconst   000529
_chan                        bssCOMRAM    00005A
_dpowers                     smallconst   000501
_ftoa                        text26       000E06
_globdata                    bssBANK1     00011F
_globdata2                   bssBANK1     000121
_globumask                   bssBANK0     0000C6
_interruptHandler            intcode      000008
_interruptHandler$2080       cstackBANK0  0000B3
_isdigit                     text28       001AAC
_isdigit$1828                cstackCOMRAM 000002
_main                        text0        00087E
_putsUSART                   text24       0017D2
_readtemp                    text17       0013EE
_setDefault                  text1        001222
_setMask                     text2        000C96
_sprintf                     text27       000544
_utoa                        text14       001540
end_of_initialization        cinit        001A56
ftoa@buf                     bssBANK0     0000C8
ftoa@cp                      cstackCOMRAM 000054
ftoa@f                       cstackCOMRAM 000047
ftoa@l                       cstackCOMRAM 000050
ftoa@rem                     cstackCOMRAM 00004C
ftoa@status                  cstackCOMRAM 00004A
i2Read_b_eep@badd            cstackCOMRAM 000001
i2Write_b_eep@GIE_BIT_VAL    cstackCOMRAM 000004
i2Write_b_eep@badd           cstackCOMRAM 000001
i2Write_b_eep@bdat           cstackCOMRAM 000003
i2_Busy_eep                  text12       001B6E
i2_Read_b_eep                text13       001B2E
i2_Write_b_eep               text11       0019A4
i2_setMask                   text10       000F2E
i2setMask@data               cstackCOMRAM 000005
i2setMask@out                cstackCOMRAM 00000A
interruptHandler@command     cstackBANK0  0000B8
interruptHandler@data        cstackBANK0  0000C1
interruptHandler@defaut      cstackBANK0  0000BD
interruptHandler@dev         cstackBANK0  0000BF
interruptHandler@device_mask cstackBANK0  0000B6
interruptHandler@i           cstackBANK0  0000BB
interruptHandler@s           cstackBANK0  0000B9
interruptHandler@sg          cstackBANK0  000072
intlevel0                    text         000000
intlevel1                    text         000000
intlevel2                    text         000000
intlevel3                    text         000000
isdigit@c                    cstackCOMRAM 000003
main@i                       cstackBANK1  00011D
main@i_709                   cstackBANK1  000119
main@i_710                   cstackBANK1  00011B
main@lastv                   cstackBANK1  000115
main@spbrg                   cstackBANK1  000117
putsUSART@data               cstackCOMRAM 000056
readtemp@channel             cstackCOMRAM 00002B
readtemp@v                   cstackCOMRAM 00002E
readtemp@vadc                cstackCOMRAM 000033
readtemp@vfor12              cstackCOMRAM 000031
setDefault@set               cstackBANK1  00010B
setMask@data                 cstackBANK1  000104
setMask@out                  cstackBANK1  000109
sprintf@_val                 cstackCOMRAM 00002C
sprintf@ap                   cstackCOMRAM 00002A
sprintf@c                    cstackCOMRAM 000035
sprintf@f                    cstackCOMRAM 000019
sprintf@flag                 cstackCOMRAM 000029
sprintf@prec                 cstackCOMRAM 000033
sprintf@sp                   cstackCOMRAM 000017
sprintf@width                cstackCOMRAM 000031
stackhi                      (abs)        0001FF
stacklo                      (abs)        000123
start                        init         0004C8
start_initialization         cinit        001A3A
utoa@base                    cstackCOMRAM 00000C
utoa@buf                     cstackCOMRAM 000008
utoa@c                       cstackCOMRAM 000010
utoa@v                       cstackCOMRAM 00000E
utoa@val                     cstackCOMRAM 00000A


FUNCTION INFORMATION:

 *************** function _main *****************
 Defined at:
		line 88 in file "main.c"
 Parameters:    Size  Location     Type
		None
 Auto vars:     Size  Location     Type
  i               2   27[BANK1 ] int 
  i               2   25[BANK1 ] int 
  i               2   29[BANK1 ] int 
  spbrg           2   23[BANK1 ] unsigned int 
  lastv           2   21[BANK1 ] unsigned short 
 Return value:  Size  Location     Type
		None               void
 Registers used:
		wreg, status,2, status,0, prodl, cstack
 Tracked objects:
		On entry : 
		On exit  : 
		Unchanged: 
 Data sizes:     COMRAM   BANK0   BANK1
      Params:         0       0       0
      Locals:         0       0      10
      Temps:          0       0       4
      Totals:         0       0      14
Total ram usage:       14 bytes
 Hardware stack levels required when called:    8
 This function calls:
		_Delay10KTCYx
		_OpenADC
		_OpenUSART
		_Read_b_eep
		_setDefault
		_setMask
 This function is called by:
		Startup code after reset
 This function uses a non-reentrant model


 *************** function _setDefault *****************
 Defined at:
		line 70 in file "main.c"
 Parameters:    Size  Location     Type
  set             2   11[BANK1 ] int 
 Auto vars:     Size  Location     Type
		None
 Return value:  Size  Location     Type
		None               void
 Registers used:
		wreg, status,2, status,0, cstack
 Tracked objects:
		On entry : 
		On exit  : 
		Unchanged: 
 Data sizes:     COMRAM   BANK0   BANK1
      Params:         0       0       2
      Locals:         0       0       0
      Temps:          0       0       4
      Totals:         0       0       6
Total ram usage:        6 bytes
 Hardware stack levels used:    1
 Hardware stack levels required when called:    7
 This function calls:
		_Read_b_eep
		_setMask
 This function is called by:
		_main
 This function uses a non-reentrant model


 *************** function _setMask *****************
 Defined at:
		line 307 in file "main.c"
 Parameters:    Size  Location     Type
  data            2    4[BANK1 ] unsigned short 
 Auto vars:     Size  Location     Type
  out             2    9[BANK1 ] unsigned short 
 Return value:  Size  Location     Type
		None               void
 Registers used:
		wreg, status,2, status,0, cstack
 Tracked objects:
		On entry : 
		On exit  : 
		Unchanged: 
 Data sizes:     COMRAM   BANK0   BANK1
      Params:         0       0       2
      Locals:         0       0       2
      Temps:          0       0       3
      Totals:         0       0       7
Total ram usage:        7 bytes
 Hardware stack levels used:    1
 Hardware stack levels required when called:    6
 This function calls:
		_Busy_eep
		_Write_b_eep
 This function is called by:
		_setDefault
		_main
 This function uses a non-reentrant model


 *************** function _Write_b_eep *****************
 Defined at:
		line 30 in file "C:\Program Files (x86)\Microchip\xc8\v1.33\sources\pic18\plib\EEP\write_B.c"
 Parameters:    Size  Location     Type
  badd            2    0[BANK1 ] unsigned int 
  bdat            1    2[BANK1 ] unsigned char 
 Auto vars:     Size  Location     Type
  GIE_BIT_VAL     1    3[BANK1 ] unsigned char 
 Return value:  Size  Location     Type
		None               void
 Registers used:
		wreg, status,2
 Tracked objects:
		On entry : 
		On exit  : 
		Unchanged: 
 Data sizes:     COMRAM   BANK0   BANK1
      Params:         0       0       3
      Locals:         0       0       1
      Temps:          0       0       0
      Totals:         0       0       4
Total ram usage:        4 bytes
 Hardware stack levels used:    1
 Hardware stack levels required when called:    5
 This function calls:
		Nothing
 This function is called by:
		_setMask
 This function uses a non-reentrant model


 *************** function _Busy_eep *****************
 Defined at:
		line 12 in file "C:\Program Files (x86)\Microchip\xc8\v1.33\sources\pic18\plib\EEP\busy_eep.c"
 Parameters:    Size  Location     Type
		None
 Auto vars:     Size  Location     Type
		None
 Return value:  Size  Location     Type
		None               void
 Registers used:
		None
 Tracked objects:
		On entry : 
		On exit  : 
		Unchanged: 
 Data sizes:     COMRAM   BANK0   BANK1
      Params:         0       0       0
      Locals:         0       0       0
      Temps:          0       0       0
      Totals:         0       0       0
Total ram usage:        0 bytes
 Hardware stack levels used:    1
 Hardware stack levels required when called:    5
 This function calls:
		Nothing
 This function is called by:
		_setMask
 This function uses a non-reentrant model


 *************** function _Read_b_eep *****************
 Defined at:
		line 23 in file "C:\Program Files (x86)\Microchip\xc8\v1.33\sources\pic18\plib\EEP\read_B.c"
 Parameters:    Size  Location     Type
  badd            2    0[BANK1 ] unsigned int 
 Auto vars:     Size  Location     Type
		None
 Return value:  Size  Location     Type
                  1    wreg      unsigned char 
 Registers used:
		wreg, status,2
 Tracked objects:
		On entry : 
		On exit  : 
		Unchanged: 
 Data sizes:     COMRAM   BANK0   BANK1
      Params:         0       0       2
      Locals:         0       0       0
      Temps:          0       0       0
      Totals:         0       0       2
Total ram usage:        2 bytes
 Hardware stack levels used:    1
 Hardware stack levels required when called:    5
 This function calls:
		Nothing
 This function is called by:
		_setDefault
		_main
 This function uses a non-reentrant model


 *************** function _OpenUSART *****************
 Defined at:
		line 73 in file "C:\Program Files (x86)\Microchip\xc8\v1.33\sources\pic18\plib\USART\uopen.c"
 Parameters:    Size  Location     Type
  config          1    wreg     unsigned char 
  spbrg           2    0[BANK1 ] unsigned int 
 Auto vars:     Size  Location     Type
  config          1    5[BANK1 ] unsigned char 
 Return value:  Size  Location     Type
		None               void
 Registers used:
		wreg, status,2
 Tracked objects:
		On entry : 
		On exit  : 
		Unchanged: 
 Data sizes:     COMRAM   BANK0   BANK1
      Params:         0       0       2
      Locals:         0       0       1
      Temps:          0       0       3
      Totals:         0       0       6
Total ram usage:        6 bytes
 Hardware stack levels used:    1
 Hardware stack levels required when called:    5
 This function calls:
		Nothing
 This function is called by:
		_main
 This function uses a non-reentrant model


 *************** function _OpenADC *****************
 Defined at:
		line 92 in file "C:\Program Files (x86)\Microchip\xc8\v1.33\sources\pic18\plib\ADC\adcopen.c"
 Parameters:    Size  Location     Type
  config          1    wreg     unsigned char 
  config2         1    0[BANK1 ] unsigned char 
  portconfig      2    1[BANK1 ] unsigned int 
 Auto vars:     Size  Location     Type
  config          1    6[BANK1 ] unsigned char 
 Return value:  Size  Location     Type
		None               void
 Registers used:
		wreg, status,2, status,0
 Tracked objects:
		On entry : 
		On exit  : 
		Unchanged: 
 Data sizes:     COMRAM   BANK0   BANK1
      Params:         0       0       3
      Locals:         0       0       1
      Temps:          0       0       3
      Totals:         0       0       7
Total ram usage:        7 bytes
 Hardware stack levels used:    1
 Hardware stack levels required when called:    5
 This function calls:
		Nothing
 This function is called by:
		_main
 This function uses a non-reentrant model


 *************** function _Delay10KTCYx *****************
 Defined at:
		line 8 in file "C:\Program Files (x86)\Microchip\xc8\v1.33\sources\pic18\d10ktcyx.c"
 Parameters:    Size  Location     Type
  unit            1    wreg     unsigned char 
 Auto vars:     Size  Location     Type
  unit            1    1[BANK1 ] unsigned char 
 Return value:  Size  Location     Type
		None               void
 Registers used:
		wreg
 Tracked objects:
		On entry : 
		On exit  : 
		Unchanged: 
 Data sizes:     COMRAM   BANK0   BANK1
      Params:         0       0       0
      Locals:         0       0       1
      Temps:          0       0       1
      Totals:         0       0       2
Total ram usage:        2 bytes
 Hardware stack levels used:    1
 Hardware stack levels required when called:    5
 This function calls:
		Nothing
 This function is called by:
		_main
 This function uses a non-reentrant model


 *************** function _interruptHandler *****************
 Defined at:
		line 198 in file "main.c"
 Parameters:    Size  Location     Type
		None
 Auto vars:     Size  Location     Type
  sg             65   18[BANK0 ] unsigned char [65]
  dev             2   95[BANK0 ] unsigned short 
  defaut          2   93[BANK0 ] unsigned short 
  s               2   89[BANK0 ] int 
  device_mask     2   86[BANK0 ] unsigned short 
  data            1   97[BANK0 ] unsigned char 
  i               2   91[BANK0 ] int 
  command         1   88[BANK0 ] unsigned char 
 Return value:  Size  Location     Type
		None               void
 Registers used:
		wreg, fsr2l, fsr2h, status,2, status,0, tblptrl, tblptrh, tblptru, prodl, prodh, cstack
 Tracked objects:
		On entry : 
		On exit  : 
		Unchanged: 
 Data sizes:     COMRAM   BANK0   BANK1
      Params:         0       0       0
      Locals:         0      80       0
      Temps:          0      18       0
      Totals:         0      98       0
Total ram usage:       98 bytes
 Hardware stack levels used:    1
 Hardware stack levels required when called:    4
 This function calls:
		_ReadSHORT
		_ReadUSART
		___ftadd
		_ftoa
		_putsUSART
		_readtemp
		_utoa
		i2_Busy_eep
		i2_Read_b_eep
		i2_Write_b_eep
		i2_setMask
 This function is called by:
		Interrupt level 2
 This function uses a non-reentrant model


 *************** function i2_setMask *****************
 Defined at:
		line 307 in file "main.c"
 Parameters:    Size  Location     Type
  data            2    4[COMRAM] unsigned short 
 Auto vars:     Size  Location     Type
  setMask         2    9[COMRAM] unsigned short 
 Return value:  Size  Location     Type
		None               void
 Registers used:
		wreg, status,2, status,0, cstack
 Tracked objects:
		On entry : 
		On exit  : 
		Unchanged: 
 Data sizes:     COMRAM   BANK0   BANK1
      Params:         2       0       0
      Locals:         2       0       0
      Temps:          3       0       0
      Totals:         7       0       0
Total ram usage:        7 bytes
 Hardware stack levels used:    1
 Hardware stack levels required when called:    1
 This function calls:
		i2_Busy_eep
		i2_Write_b_eep
 This function is called by:
		_interruptHandler
 This function uses a non-reentrant model


 *************** function i2_Write_b_eep *****************
 Defined at:
		line 30 in file "C:\Program Files (x86)\Microchip\xc8\v1.33\sources\pic18\plib\EEP\write_B.c"
 Parameters:    Size  Location     Type
  badd            2    0[COMRAM] unsigned int 
  bdat            1    2[COMRAM] unsigned char 
 Auto vars:     Size  Location     Type
  Write_b_eep     1    3[COMRAM] unsigned char 
 Return value:  Size  Location     Type
		None               void
 Registers used:
		wreg, status,2
 Tracked objects:
		On entry : 
		On exit  : 
		Unchanged: 
 Data sizes:     COMRAM   BANK0   BANK1
      Params:         3       0       0
      Locals:         1       0       0
      Temps:          0       0       0
      Totals:         4       0       0
Total ram usage:        4 bytes
 Hardware stack levels used:    1
 This function calls:
		Nothing
 This function is called by:
		_interruptHandler
		i2_setMask
 This function uses a non-reentrant model


 *************** function i2_Busy_eep *****************
 Defined at:
		line 12 in file "C:\Program Files (x86)\Microchip\xc8\v1.33\sources\pic18\plib\EEP\busy_eep.c"
 Parameters:    Size  Location     Type
		None
 Auto vars:     Size  Location     Type
		None
 Return value:  Size  Location     Type
		None               void
 Registers used:
		None
 Tracked objects:
		On entry : 
		On exit  : 
		Unchanged: 
 Data sizes:     COMRAM   BANK0   BANK1
      Params:         0       0       0
      Locals:         0       0       0
      Temps:          0       0       0
      Totals:         0       0       0
Total ram usage:        0 bytes
 Hardware stack levels used:    1
 This function calls:
		Nothing
 This function is called by:
		_interruptHandler
		i2_setMask
 This function uses a non-reentrant model


 *************** function i2_Read_b_eep *****************
 Defined at:
		line 23 in file "C:\Program Files (x86)\Microchip\xc8\v1.33\sources\pic18\plib\EEP\read_B.c"
 Parameters:    Size  Location     Type
  badd            2    0[COMRAM] unsigned int 
 Auto vars:     Size  Location     Type
		None
 Return value:  Size  Location     Type
                  1    wreg      unsigned char 
 Registers used:
		wreg, status,2
 Tracked objects:
		On entry : 
		On exit  : 
		Unchanged: 
 Data sizes:     COMRAM   BANK0   BANK1
      Params:         2       0       0
      Locals:         0       0       0
      Temps:          0       0       0
      Totals:         2       0       0
Total ram usage:        2 bytes
 Hardware stack levels used:    1
 This function calls:
		Nothing
 This function is called by:
		_interruptHandler
 This function uses a non-reentrant model


 *************** function _utoa *****************
 Defined at:
		line 17 in file "C:\Program Files (x86)\Microchip\xc8\v1.33\sources\common\itoa.c"
 Parameters:    Size  Location     Type
  buf             2    7[COMRAM] PTR unsigned char 
		 -> interruptHandler@sg(65), 
  val             2    9[COMRAM] unsigned int 
  base            2   11[COMRAM] int 
 Auto vars:     Size  Location     Type
  v               2   13[COMRAM] unsigned int 
  c               1   15[COMRAM] unsigned char 
 Return value:  Size  Location     Type
                  2    7[COMRAM] PTR unsigned char 
 Registers used:
		wreg, fsr2l, fsr2h, status,2, status,0, cstack
 Tracked objects:
		On entry : 
		On exit  : 
		Unchanged: 
 Data sizes:     COMRAM   BANK0   BANK1
      Params:         6       0       0
      Locals:         3       0       0
      Temps:          0       0       0
      Totals:         9       0       0
Total ram usage:        9 bytes
 Hardware stack levels used:    1
 Hardware stack levels required when called:    1
 This function calls:
		___lwdiv
		___lwmod
 This function is called by:
		_interruptHandler
 This function uses a non-reentrant model


 *************** function ___lwmod *****************
 Defined at:
		line 8 in file "C:\Program Files (x86)\Microchip\xc8\v1.33\sources\common\lwmod.c"
 Parameters:    Size  Location     Type
  dividend        2    0[COMRAM] unsigned int 
  divisor         2    2[COMRAM] unsigned int 
 Auto vars:     Size  Location     Type
  counter         1    4[COMRAM] unsigned char 
 Return value:  Size  Location     Type
                  2    0[COMRAM] unsigned int 
 Registers used:
		wreg, status,2, status,0
 Tracked objects:
		On entry : 
		On exit  : 
		Unchanged: 
 Data sizes:     COMRAM   BANK0   BANK1
      Params:         4       0       0
      Locals:         1       0       0
      Temps:          0       0       0
      Totals:         5       0       0
Total ram usage:        5 bytes
 Hardware stack levels used:    1
 This function calls:
		Nothing
 This function is called by:
		_utoa
 This function uses a non-reentrant model


 *************** function ___lwdiv *****************
 Defined at:
		line 8 in file "C:\Program Files (x86)\Microchip\xc8\v1.33\sources\common\lwdiv.c"
 Parameters:    Size  Location     Type
  dividend        2    0[COMRAM] unsigned int 
  divisor         2    2[COMRAM] unsigned int 
 Auto vars:     Size  Location     Type
  quotient        2    4[COMRAM] unsigned int 
  counter         1    6[COMRAM] unsigned char 
 Return value:  Size  Location     Type
                  2    0[COMRAM] unsigned int 
 Registers used:
		wreg, status,2, status,0
 Tracked objects:
		On entry : 
		On exit  : 
		Unchanged: 
 Data sizes:     COMRAM   BANK0   BANK1
      Params:         4       0       0
      Locals:         3       0       0
      Temps:          0       0       0
      Totals:         7       0       0
Total ram usage:        7 bytes
 Hardware stack levels used:    1
 This function calls:
		Nothing
 This function is called by:
		_utoa
 This function uses a non-reentrant model


 *************** function _readtemp *****************
 Defined at:
		line 183 in file "main.c"
 Parameters:    Size  Location     Type
  channel         2   42[COMRAM] int 
 Auto vars:     Size  Location     Type
  v               3   45[COMRAM] float 
  vadc            2   50[COMRAM] int 
  vfor12          2   48[COMRAM] int 
 Return value:  Size  Location     Type
                  3   42[COMRAM] float 
 Registers used:
		wreg, status,2, status,0, prodl, cstack
 Tracked objects:
		On entry : 
		On exit  : 
		Unchanged: 
 Data sizes:     COMRAM   BANK0   BANK1
      Params:         3       0       0
      Locals:         7       0       0
      Temps:          0       0       0
      Totals:        10       0       0
Total ram usage:       10 bytes
 Hardware stack levels used:    1
 Hardware stack levels required when called:    2
 This function calls:
		_BusyADC
		_ConvertADC
		_ReadADC
		_SetChanADC
		___awtoft
		___ftdiv
		___ftmul
 This function is called by:
		_interruptHandler
 This function uses a non-reentrant model


 *************** function ___ftdiv *****************
 Defined at:
		line 49 in file "C:\Program Files (x86)\Microchip\xc8\v1.33\sources\common\ftdiv.c"
 Parameters:    Size  Location     Type
  f1              3   12[COMRAM] float 
  f2              3   15[COMRAM] float 
 Auto vars:     Size  Location     Type
  f3              3   22[COMRAM] float 
  sign            1   26[COMRAM] unsigned char 
  exp             1   25[COMRAM] unsigned char 
  cntr            1   21[COMRAM] unsigned char 
 Return value:  Size  Location     Type
                  3   12[COMRAM] float 
 Registers used:
		wreg, status,2, status,0, cstack
 Tracked objects:
		On entry : 
		On exit  : 
		Unchanged: 
 Data sizes:     COMRAM   BANK0   BANK1
      Params:         6       0       0
      Locals:         6       0       0
      Temps:          3       0       0
      Totals:        15       0       0
Total ram usage:       15 bytes
 Hardware stack levels used:    1
 Hardware stack levels required when called:    1
 This function calls:
		___ftpack
 This function is called by:
		_readtemp
 This function uses a non-reentrant model


 *************** function ___awtoft *****************
 Defined at:
		line 32 in file "C:\Program Files (x86)\Microchip\xc8\v1.33\sources\common\awtoft.c"
 Parameters:    Size  Location     Type
  c               2    8[COMRAM] int 
 Auto vars:     Size  Location     Type
  sign            1   11[COMRAM] unsigned char 
 Return value:  Size  Location     Type
                  3    8[COMRAM] float 
 Registers used:
		wreg, status,2, status,0, prodl, cstack
 Tracked objects:
		On entry : 
		On exit  : 
		Unchanged: 
 Data sizes:     COMRAM   BANK0   BANK1
      Params:         3       0       0
      Locals:         1       0       0
      Temps:          0       0       0
      Totals:         4       0       0
Total ram usage:        4 bytes
 Hardware stack levels used:    1
 Hardware stack levels required when called:    1
 This function calls:
		___ftpack
 This function is called by:
		_readtemp
 This function uses a non-reentrant model


 *************** function _SetChanADC *****************
 Defined at:
		line 30 in file "C:\Program Files (x86)\Microchip\xc8\v1.33\sources\pic18\plib\ADC\adcsetch.c"
 Parameters:    Size  Location     Type
  channel         1    wreg     unsigned char 
 Auto vars:     Size  Location     Type
  channel         1    1[COMRAM] unsigned char 
 Return value:  Size  Location     Type
		None               void
 Registers used:
		wreg, status,2, status,0
 Tracked objects:
		On entry : 
		On exit  : 
		Unchanged: 
 Data sizes:     COMRAM   BANK0   BANK1
      Params:         0       0       0
      Locals:         1       0       0
      Temps:          1       0       0
      Totals:         2       0       0
Total ram usage:        2 bytes
 Hardware stack levels used:    1
 This function calls:
		Nothing
 This function is called by:
		_readtemp
 This function uses a non-reentrant model


 *************** function _ReadADC *****************
 Defined at:
		line 24 in file "C:\Program Files (x86)\Microchip\xc8\v1.33\sources\pic18\plib\ADC\adcread.c"
 Parameters:    Size  Location     Type
		None
 Auto vars:     Size  Location     Type
		None
 Return value:  Size  Location     Type
                  2    0[COMRAM] int 
 Registers used:
		wreg, status,2
 Tracked objects:
		On entry : 
		On exit  : 
		Unchanged: 
 Data sizes:     COMRAM   BANK0   BANK1
      Params:         2       0       0
      Locals:         0       0       0
      Temps:          0       0       0
      Totals:         2       0       0
Total ram usage:        2 bytes
 Hardware stack levels used:    1
 This function calls:
		Nothing
 This function is called by:
		_readtemp
 This function uses a non-reentrant model


 *************** function _ConvertADC *****************
 Defined at:
		line 22 in file "C:\Program Files (x86)\Microchip\xc8\v1.33\sources\pic18\plib\ADC\adcconv.c"
 Parameters:    Size  Location     Type
		None
 Auto vars:     Size  Location     Type
		None
 Return value:  Size  Location     Type
		None               void
 Registers used:
		None
 Tracked objects:
		On entry : 
		On exit  : 
		Unchanged: 
 Data sizes:     COMRAM   BANK0   BANK1
      Params:         0       0       0
      Locals:         0       0       0
      Temps:          0       0       0
      Totals:         0       0       0
Total ram usage:        0 bytes
 Hardware stack levels used:    1
 This function calls:
		Nothing
 This function is called by:
		_readtemp
 This function uses a non-reentrant model


 *************** function _BusyADC *****************
 Defined at:
		line 26 in file "C:\Program Files (x86)\Microchip\xc8\v1.33\sources\pic18\plib\ADC\adcbusy.c"
 Parameters:    Size  Location     Type
		None
 Auto vars:     Size  Location     Type
		None
 Return value:  Size  Location     Type
                  1    wreg      unsigned char 
 Registers used:
		wreg
 Tracked objects:
		On entry : 
		On exit  : 
		Unchanged: 
 Data sizes:     COMRAM   BANK0   BANK1
      Params:         0       0       0
      Locals:         0       0       0
      Temps:          0       0       0
      Totals:         0       0       0
Total ram usage:        0 bytes
 Hardware stack levels used:    1
 This function calls:
		Nothing
 This function is called by:
		_readtemp
 This function uses a non-reentrant model


 *************** function _putsUSART *****************
 Defined at:
		line 14 in file "C:\Program Files (x86)\Microchip\xc8\v1.33\sources\pic18\plib\USART\uputs.c"
 Parameters:    Size  Location     Type
  data            2   85[COMRAM] PTR unsigned char 
		 -> ftoa@buf(17), STR_1(15), interruptHandler@sg(65), 
 Auto vars:     Size  Location     Type
		None
 Return value:  Size  Location     Type
		None               void
 Registers used:
		wreg, fsr2l, fsr2h, status,2, status,0, tblptrl, tblptrh, tblptru, cstack
 Tracked objects:
		On entry : 
		On exit  : 
		Unchanged: 
 Data sizes:     COMRAM   BANK0   BANK1
      Params:         2       0       0
      Locals:         0       0       0
      Temps:          2       0       0
      Totals:         4       0       0
Total ram usage:        4 bytes
 Hardware stack levels used:    1
 Hardware stack levels required when called:    1
 This function calls:
		_WriteUSART
 This function is called by:
		_interruptHandler
 This function uses a non-reentrant model


 *************** function _WriteUSART *****************
 Defined at:
		line 13 in file "C:\Program Files (x86)\Microchip\xc8\v1.33\sources\pic18\plib\USART\uwrite.c"
 Parameters:    Size  Location     Type
  data            1    wreg     unsigned char 
 Auto vars:     Size  Location     Type
  data            1    0[COMRAM] unsigned char 
 Return value:  Size  Location     Type
		None               void
 Registers used:
		wreg
 Tracked objects:
		On entry : 
		On exit  : 
		Unchanged: 
 Data sizes:     COMRAM   BANK0   BANK1
      Params:         0       0       0
      Locals:         1       0       0
      Temps:          0       0       0
      Totals:         1       0       0
Total ram usage:        1 bytes
 Hardware stack levels used:    1
 This function calls:
		Nothing
 This function is called by:
		_putsUSART
 This function uses a non-reentrant model


 *************** function _ftoa *****************
 Defined at:
		line 6 in file "C:\Program Files (x86)\Microchip\xc8\v1.33\sources\common\ftoa.c"
 Parameters:    Size  Location     Type
  f               3   70[COMRAM] float 
  status          2   73[COMRAM] PTR int 
		 -> interruptHandler@s(2), 
 Auto vars:     Size  Location     Type
  l               4   79[COMRAM] unsigned long 
  rem             4   75[COMRAM] unsigned long 
  cp              2   83[COMRAM] PTR unsigned char 
		 -> ftoa@buf(17), 
 Return value:  Size  Location     Type
                  2   70[COMRAM] PTR unsigned char 
 Registers used:
		wreg, fsr2l, fsr2h, status,2, status,0, tblptrl, tblptrh, tblptru, prodl, prodh, cstack
 Tracked objects:
		On entry : 
		On exit  : 
		Unchanged: 
 Data sizes:     COMRAM   BANK0   BANK1
      Params:         5       0       0
      Locals:        10       0       0
      Temps:          0       0       0
      Totals:        15       0       0
Total ram usage:       15 bytes
 Hardware stack levels used:    1
 Hardware stack levels required when called:    3
 This function calls:
		___ftmul
		___ftneg
		___ftsub
		___fttol
		___lltoft
		_sprintf
 This function is called by:
		_interruptHandler
 This function uses a non-reentrant model


 *************** function _sprintf *****************
 Defined at:
		line 492 in file "C:\Program Files (x86)\Microchip\xc8\v1.33\sources\common\doprnt.c"
 Parameters:    Size  Location     Type
  sp              2   22[COMRAM] PTR unsigned char 
		 -> ftoa@buf(17), 
  f               2   24[COMRAM] PTR const unsigned char 
		 -> STR_2(11), 
 Auto vars:     Size  Location     Type
  _val            5   43[COMRAM] struct .
  prec            2   50[COMRAM] int 
  width           2   48[COMRAM] int 
  ap              2   41[COMRAM] PTR void [1]
		 -> ?_sprintf(2), 
  c               1   52[COMRAM] char 
  flag            1   40[COMRAM] unsigned char 
 Return value:  Size  Location     Type
                  2   22[COMRAM] int 
 Registers used:
		wreg, fsr2l, fsr2h, status,2, status,0, tblptrl, tblptrh, tblptru, prodl, prodh, cstack
 Tracked objects:
		On entry : 
		On exit  : 
		Unchanged: 
 Data sizes:     COMRAM   BANK0   BANK1
      Params:        12       0       0
      Locals:        13       0       0
      Temps:          6       0       0
      Totals:        31       0       0
Total ram usage:       31 bytes
 Hardware stack levels used:    1
 Hardware stack levels required when called:    1
 This function calls:
		___lldiv
		___llmod
		___wmul
		_isdigit
 This function is called by:
		_ftoa
 This function uses a non-reentrant model


 *************** function _isdigit *****************
 Defined at:
		line 8 in file "C:\Program Files (x86)\Microchip\xc8\v1.33\sources\common\isdigit.c"
 Parameters:    Size  Location     Type
  c               1    wreg     unsigned char 
 Auto vars:     Size  Location     Type
  c               1    2[COMRAM] unsigned char 
 Return value:  Size  Location     Type
		None               void
 Registers used:
		wreg, status,2, status,0
 Tracked objects:
		On entry : 
		On exit  : 
		Unchanged: 
 Data sizes:     COMRAM   BANK0   BANK1
      Params:         0       0       0
      Locals:         2       0       0
      Temps:          1       0       0
      Totals:         3       0       0
Total ram usage:        3 bytes
 Hardware stack levels used:    1
 This function calls:
		Nothing
 This function is called by:
		_sprintf
 This function uses a non-reentrant model


 *************** function ___wmul *****************
 Defined at:
		line 15 in file "C:\Program Files (x86)\Microchip\xc8\v1.33\sources\common\Umul16.c"
 Parameters:    Size  Location     Type
  multiplier      2    0[COMRAM] unsigned int 
  multiplicand    2    2[COMRAM] unsigned int 
 Auto vars:     Size  Location     Type
  product         2    4[COMRAM] unsigned int 
 Return value:  Size  Location     Type
                  2    0[COMRAM] unsigned int 
 Registers used:
		wreg, status,2, status,0, prodl, prodh
 Tracked objects:
		On entry : 
		On exit  : 
		Unchanged: 
 Data sizes:     COMRAM   BANK0   BANK1
      Params:         4       0       0
      Locals:         2       0       0
      Temps:          0       0       0
      Totals:         6       0       0
Total ram usage:        6 bytes
 Hardware stack levels used:    1
 This function calls:
		Nothing
 This function is called by:
		_sprintf
 This function uses a non-reentrant model


 *************** function ___llmod *****************
 Defined at:
		line 8 in file "C:\Program Files (x86)\Microchip\xc8\v1.33\sources\common\llmod.c"
 Parameters:    Size  Location     Type
  dividend        4   13[COMRAM] unsigned long 
  divisor         4   17[COMRAM] unsigned long 
 Auto vars:     Size  Location     Type
  counter         1   21[COMRAM] unsigned char 
 Return value:  Size  Location     Type
                  4   13[COMRAM] unsigned long 
 Registers used:
		wreg, status,2, status,0
 Tracked objects:
		On entry : 
		On exit  : 
		Unchanged: 
 Data sizes:     COMRAM   BANK0   BANK1
      Params:         8       0       0
      Locals:         1       0       0
      Temps:          0       0       0
      Totals:         9       0       0
Total ram usage:        9 bytes
 Hardware stack levels used:    1
 This function calls:
		Nothing
 This function is called by:
		_sprintf
 This function uses a non-reentrant model


 *************** function ___lldiv *****************
 Defined at:
		line 8 in file "C:\Program Files (x86)\Microchip\xc8\v1.33\sources\common\lldiv.c"
 Parameters:    Size  Location     Type
  dividend        4    0[COMRAM] unsigned long 
  divisor         4    4[COMRAM] unsigned long 
 Auto vars:     Size  Location     Type
  quotient        4    8[COMRAM] unsigned long 
  counter         1   12[COMRAM] unsigned char 
 Return value:  Size  Location     Type
                  4    0[COMRAM] unsigned long 
 Registers used:
		wreg, status,2, status,0
 Tracked objects:
		On entry : 
		On exit  : 
		Unchanged: 
 Data sizes:     COMRAM   BANK0   BANK1
      Params:         8       0       0
      Locals:         5       0       0
      Temps:          0       0       0
      Totals:        13       0       0
Total ram usage:       13 bytes
 Hardware stack levels used:    1
 This function calls:
		Nothing
 This function is called by:
		_sprintf
 This function uses a non-reentrant model


 *************** function ___lltoft *****************
 Defined at:
		line 35 in file "C:\Program Files (x86)\Microchip\xc8\v1.33\sources\common\lltoft.c"
 Parameters:    Size  Location     Type
  c               4    8[COMRAM] unsigned long 
 Auto vars:     Size  Location     Type
  exp             1   16[COMRAM] unsigned char 
 Return value:  Size  Location     Type
                  3    8[COMRAM] float 
 Registers used:
		wreg, status,2, status,0, cstack
 Tracked objects:
		On entry : 
		On exit  : 
		Unchanged: 
 Data sizes:     COMRAM   BANK0   BANK1
      Params:         4       0       0
      Locals:         1       0       0
      Temps:          4       0       0
      Totals:         9       0       0
Total ram usage:        9 bytes
 Hardware stack levels used:    1
 Hardware stack levels required when called:    1
 This function calls:
		___ftpack
 This function is called by:
		_ftoa
 This function uses a non-reentrant model


 *************** function ___fttol *****************
 Defined at:
		line 44 in file "C:\Program Files (x86)\Microchip\xc8\v1.33\sources\common\fttol.c"
 Parameters:    Size  Location     Type
  f1              3   42[COMRAM] float 
 Auto vars:     Size  Location     Type
  lval            4   52[COMRAM] unsigned long 
  exp1            1   56[COMRAM] unsigned char 
  sign1           1   51[COMRAM] unsigned char 
 Return value:  Size  Location     Type
                  4   42[COMRAM] long 
 Registers used:
		wreg, status,2, status,0
 Tracked objects:
		On entry : 
		On exit  : 
		Unchanged: 
 Data sizes:     COMRAM   BANK0   BANK1
      Params:         4       0       0
      Locals:         6       0       0
      Temps:          5       0       0
      Totals:        15       0       0
Total ram usage:       15 bytes
 Hardware stack levels used:    1
 This function calls:
		Nothing
 This function is called by:
		_ftoa
 This function uses a non-reentrant model


 *************** function ___ftsub *****************
 Defined at:
		line 20 in file "C:\Program Files (x86)\Microchip\xc8\v1.33\sources\common\ftsub.c"
 Parameters:    Size  Location     Type
  f1              3   64[COMRAM] float 
  f2              3   67[COMRAM] float 
 Auto vars:     Size  Location     Type
		None
 Return value:  Size  Location     Type
                  3   64[COMRAM] float 
 Registers used:
		wreg, status,2, status,0, cstack
 Tracked objects:
		On entry : 
		On exit  : 
		Unchanged: 
 Data sizes:     COMRAM   BANK0   BANK1
      Params:         6       0       0
      Locals:         0       0       0
      Temps:          0       0       0
      Totals:         6       0       0
Total ram usage:        6 bytes
 Hardware stack levels used:    1
 Hardware stack levels required when called:    2
 This function calls:
		___ftadd
 This function is called by:
		_ftoa
 This function uses a non-reentrant model


 *************** function ___ftadd *****************
 Defined at:
		line 86 in file "C:\Program Files (x86)\Microchip\xc8\v1.33\sources\common\ftadd.c"
 Parameters:    Size  Location     Type
  f1              3   52[COMRAM] float 
  f2              3   55[COMRAM] float 
 Auto vars:     Size  Location     Type
  exp1            1   63[COMRAM] unsigned char 
  exp2            1   62[COMRAM] unsigned char 
  sign            1   61[COMRAM] unsigned char 
 Return value:  Size  Location     Type
                  3   52[COMRAM] float 
 Registers used:
		wreg, status,2, status,0, cstack
 Tracked objects:
		On entry : 
		On exit  : 
		Unchanged: 
 Data sizes:     COMRAM   BANK0   BANK1
      Params:         6       0       0
      Locals:         3       0       0
      Temps:          3       0       0
      Totals:        12       0       0
Total ram usage:       12 bytes
 Hardware stack levels used:    1
 Hardware stack levels required when called:    1
 This function calls:
		___ftpack
 This function is called by:
		_interruptHandler
		___ftsub
 This function uses a non-reentrant model


 *************** function ___ftneg *****************
 Defined at:
		line 15 in file "C:\Program Files (x86)\Microchip\xc8\v1.33\sources\common\ftneg.c"
 Parameters:    Size  Location     Type
  f1              3    0[COMRAM] float 
 Auto vars:     Size  Location     Type
		None
 Return value:  Size  Location     Type
                  3    0[COMRAM] float 
 Registers used:
		wreg, status,2, status,0
 Tracked objects:
		On entry : 
		On exit  : 
		Unchanged: 
 Data sizes:     COMRAM   BANK0   BANK1
      Params:         3       0       0
      Locals:         0       0       0
      Temps:          0       0       0
      Totals:         3       0       0
Total ram usage:        3 bytes
 Hardware stack levels used:    1
 This function calls:
		Nothing
 This function is called by:
		_ftoa
 This function uses a non-reentrant model


 *************** function ___ftmul *****************
 Defined at:
		line 62 in file "C:\Program Files (x86)\Microchip\xc8\v1.33\sources\common\ftmul.c"
 Parameters:    Size  Location     Type
  f1              3   27[COMRAM] float 
  f2              3   30[COMRAM] float 
 Auto vars:     Size  Location     Type
  f3_as_produc    3   37[COMRAM] unsigned um
  sign            1   41[COMRAM] unsigned char 
  cntr            1   40[COMRAM] unsigned char 
  exp             1   36[COMRAM] unsigned char 
 Return value:  Size  Location     Type
                  3   27[COMRAM] float 
 Registers used:
		wreg, status,2, status,0, cstack
 Tracked objects:
		On entry : 
		On exit  : 
		Unchanged: 
 Data sizes:     COMRAM   BANK0   BANK1
      Params:         6       0       0
      Locals:         6       0       0
      Temps:          3       0       0
      Totals:        15       0       0
Total ram usage:       15 bytes
 Hardware stack levels used:    1
 Hardware stack levels required when called:    1
 This function calls:
		___ftpack
 This function is called by:
		_readtemp
		_ftoa
 This function uses a non-reentrant model


 *************** function ___ftpack *****************
 Defined at:
		line 62 in file "C:\Program Files (x86)\Microchip\xc8\v1.33\sources\common\float.c"
 Parameters:    Size  Location     Type
  arg             3    0[COMRAM] unsigned um
  exp             1    3[COMRAM] unsigned char 
  sign            1    4[COMRAM] unsigned char 
 Auto vars:     Size  Location     Type
		None
 Return value:  Size  Location     Type
                  3    0[COMRAM] float 
 Registers used:
		wreg, status,2, status,0
 Tracked objects:
		On entry : 
		On exit  : 
		Unchanged: 
 Data sizes:     COMRAM   BANK0   BANK1
      Params:         5       0       0
      Locals:         0       0       0
      Temps:          3       0       0
      Totals:         8       0       0
Total ram usage:        8 bytes
 Hardware stack levels used:    1
 This function calls:
		Nothing
 This function is called by:
		___awtoft
		___ftadd
		___ftdiv
		___ftmul
		___lltoft
 This function uses a non-reentrant model


 *************** function _ReadSHORT *****************
 Defined at:
		line 175 in file "main.c"
 Parameters:    Size  Location     Type
		None
 Auto vars:     Size  Location     Type
  d               2    4[COMRAM] unsigned short 
 Return value:  Size  Location     Type
                  2    1[COMRAM] unsigned short 
 Registers used:
		wreg, status,2, status,0, cstack
 Tracked objects:
		On entry : 
		On exit  : 
		Unchanged: 
 Data sizes:     COMRAM   BANK0   BANK1
      Params:         2       0       0
      Locals:         2       0       0
      Temps:          1       0       0
      Totals:         5       0       0
Total ram usage:        5 bytes
 Hardware stack levels used:    1
 Hardware stack levels required when called:    1
 This function calls:
		_ReadUSART
 This function is called by:
		_interruptHandler
 This function uses a non-reentrant model


 *************** function _ReadUSART *****************
 Defined at:
		line 15 in file "C:\Program Files (x86)\Microchip\xc8\v1.33\sources\pic18\plib\USART\uread.c"
 Parameters:    Size  Location     Type
		None
 Auto vars:     Size  Location     Type
  data            1    0[COMRAM] unsigned char 
 Return value:  Size  Location     Type
                  1    wreg      unsigned char 
 Registers used:
		wreg, status,2, status,0
 Tracked objects:
		On entry : 
		On exit  : 
		Unchanged: 
 Data sizes:     COMRAM   BANK0   BANK1
      Params:         0       0       0
      Locals:         1       0       0
      Temps:          0       0       0
      Totals:         1       0       0
Total ram usage:        1 bytes
 Hardware stack levels used:    1
 This function calls:
		Nothing
 This function is called by:
		_ReadSHORT
		_interruptHandler
 This function uses a non-reentrant model



MODULE INFORMATION

Module		Function		Class		Link	Load	Size
C:\Program Files (x86)\Microchip\xc8\v1.33\sources\pic18\plib\EEP\write_B.c
		_Write_b_eep   		CODE           	1966	0000	62

C:\Program Files (x86)\Microchip\xc8\v1.33\sources\pic18\plib\EEP\write_B.c estimated size: 62

C:\Program Files (x86)\Microchip\xc8\v1.33\sources\common\ftneg.c
		___ftneg       		CODE           	1A86	0000	38

C:\Program Files (x86)\Microchip\xc8\v1.33\sources\common\ftneg.c estimated size: 38

C:\Program Files (x86)\Microchip\xc8\v1.33\sources\common\doprnt.c
		_sprintf       		CODE           	0544	0000	826

C:\Program Files (x86)\Microchip\xc8\v1.33\sources\common\doprnt.c estimated size: 826

C:\Program Files (x86)\Microchip\xc8\v1.33\sources\common\ftsub.c
		___ftsub       		CODE           	19DC	0000	54

C:\Program Files (x86)\Microchip\xc8\v1.33\sources\common\ftsub.c estimated size: 54

C:\Program Files (x86)\Microchip\xc8\v1.33\sources\common\float.c
		___ftpack      		CODE           	1498	0000	168

C:\Program Files (x86)\Microchip\xc8\v1.33\sources\common\float.c estimated size: 168

C:\Program Files (x86)\Microchip\xc8\v1.33\sources\pic18\plib\EEP\busy_eep.c
		_Busy_eep      		CODE           	1B68	0000	6

C:\Program Files (x86)\Microchip\xc8\v1.33\sources\pic18\plib\EEP\busy_eep.c estimated size: 6

C:\Program Files (x86)\Microchip\xc8\v1.33\sources\common\lwmod.c
		___lwmod       		CODE           	1924	0000	66

C:\Program Files (x86)\Microchip\xc8\v1.33\sources\common\lwmod.c estimated size: 66

C:\Program Files (x86)\Microchip\xc8\v1.33\sources\common\Umul16.c
		___wmul        		CODE           	1A60	0000	38

C:\Program Files (x86)\Microchip\xc8\v1.33\sources\common\Umul16.c estimated size: 38

C:\Program Files (x86)\Microchip\xc8\v1.33\sources\pic18\plib\ADC\adcbusy.c
		_BusyADC       		CODE           	1B52	0000	12

C:\Program Files (x86)\Microchip\xc8\v1.33\sources\pic18\plib\ADC\adcbusy.c estimated size: 12

C:\Program Files (x86)\Microchip\xc8\v1.33\sources\pic18\plib\ADC\adcopen.c
		_OpenADC       		CODE           	15E4	0000	132

C:\Program Files (x86)\Microchip\xc8\v1.33\sources\pic18\plib\ADC\adcopen.c estimated size: 132

C:\Program Files (x86)\Microchip\xc8\v1.33\sources\common\llmod.c
		___llmod       		CODE           	176C	0000	102

C:\Program Files (x86)\Microchip\xc8\v1.33\sources\common\llmod.c estimated size: 102

C:\Program Files (x86)\Microchip\xc8\v1.33\sources\pic18\plib\USART\uopen.c
		_OpenUSART     		CODE           	1668	0000	130

C:\Program Files (x86)\Microchip\xc8\v1.33\sources\pic18\plib\USART\uopen.c estimated size: 130

C:\Program Files (x86)\Microchip\xc8\v1.33\sources\common\ftmul.c
		___ftmul       		CODE           	1132	0000	240

C:\Program Files (x86)\Microchip\xc8\v1.33\sources\common\ftmul.c estimated size: 240

C:\Program Files (x86)\Microchip\xc8\v1.33\sources\pic18\plib\USART\uwrite.c
		_WriteUSART    		CODE           	1B40	0000	18

C:\Program Files (x86)\Microchip\xc8\v1.33\sources\pic18\plib\USART\uwrite.c estimated size: 18

C:\Program Files (x86)\Microchip\xc8\v1.33\sources\common\ftdiv.c
		___ftdiv       		CODE           	130C	0000	226

C:\Program Files (x86)\Microchip\xc8\v1.33\sources\common\ftdiv.c estimated size: 226

C:\Program Files (x86)\Microchip\xc8\v1.33\sources\pic18\d10ktcyx.c
		_Delay10KTCYx  		CODE           	1AEA	0000	28

C:\Program Files (x86)\Microchip\xc8\v1.33\sources\pic18\d10ktcyx.c estimated size: 28

C:\Program Files (x86)\Microchip\xc8\v1.33\sources\common\lwdiv.c
		___lwdiv       		CODE           	188A	0000	82

C:\Program Files (x86)\Microchip\xc8\v1.33\sources\common\lwdiv.c estimated size: 82

C:\Program Files (x86)\Microchip\xc8\v1.33\sources\pic18\plib\ADC\adcread.c
		_ReadADC       		CODE           	1B5E	0000	10

C:\Program Files (x86)\Microchip\xc8\v1.33\sources\pic18\plib\ADC\adcread.c estimated size: 10

C:\Program Files (x86)\Microchip\xc8\v1.33\sources\pic18\plib\EEP\read_B.c
		_Read_b_eep    		CODE           	1B1C	0000	18

C:\Program Files (x86)\Microchip\xc8\v1.33\sources\pic18\plib\EEP\read_B.c estimated size: 18

C:\Program Files (x86)\Microchip\xc8\v1.33\sources\common\lldiv.c
		___lldiv       		CODE           	16EA	0000	130

C:\Program Files (x86)\Microchip\xc8\v1.33\sources\common\lldiv.c estimated size: 130

shared
		__stringdata   		SMALLCONST     	0529	0000	26
		_dpowers       		SMALLCONST     	0501	0000	40
		i2_Busy_eep    		CODE           	1B6E	0000	6
		i2_Read_b_eep  		CODE           	1B2E	0000	18
		__initializatio		CODE           	1A3A	0000	28
		i2_setMask     		CODE           	0F2E	0000	270
		i2_Write_b_eep 		CODE           	19A4	0000	56

shared estimated size: 444

C:\Program Files (x86)\Microchip\xc8\v1.33\sources\pic18\plib\USART\uread.c
		_ReadUSART     		CODE           	1ACC	0000	30

C:\Program Files (x86)\Microchip\xc8\v1.33\sources\pic18\plib\USART\uread.c estimated size: 30

C:\Program Files (x86)\Microchip\xc8\v1.33\sources\common\itoa.c
		_utoa          		CODE           	1540	0000	164

C:\Program Files (x86)\Microchip\xc8\v1.33\sources\common\itoa.c estimated size: 164

C:\Program Files (x86)\Microchip\xc8\v1.33\sources\common\awtoft.c
		___awtoft      		CODE           	18DC	0000	72

C:\Program Files (x86)\Microchip\xc8\v1.33\sources\common\awtoft.c estimated size: 72

C:\Program Files (x86)\Microchip\xc8\v1.33\sources\common\fttol.c
		___fttol       		CODE           	103C	0000	246

C:\Program Files (x86)\Microchip\xc8\v1.33\sources\common\fttol.c estimated size: 246

C:\Program Files (x86)\Microchip\xc8\v1.33\sources\pic18\plib\ADC\adcconv.c
		_ConvertADC    		CODE           	1B74	0000	4

C:\Program Files (x86)\Microchip\xc8\v1.33\sources\pic18\plib\ADC\adcconv.c estimated size: 4

C:\Program Files (x86)\Microchip\xc8\v1.33\sources\pic18\plib\USART\uputs.c
		_putsUSART     		CODE           	17D2	0000	92

C:\Program Files (x86)\Microchip\xc8\v1.33\sources\pic18\plib\USART\uputs.c estimated size: 92

C:\Program Files (x86)\Microchip\xc8\v1.33\sources\common\ftadd.c
		___ftadd       		CODE           	0AEA	0000	428

C:\Program Files (x86)\Microchip\xc8\v1.33\sources\common\ftadd.c estimated size: 428

C:\Program Files (x86)\Microchip\xc8\v1.33\sources\pic18\plib\ADC\adcsetch.c
		_SetChanADC    		CODE           	1B06	0000	22

C:\Program Files (x86)\Microchip\xc8\v1.33\sources\pic18\plib\ADC\adcsetch.c estimated size: 22

main.c
		_ReadSHORT     		CODE           	1A12	0000	40
		_main          		CODE           	087E	0000	620
		_setDefault    		CODE           	1222	0000	234
		_interruptHandl		CODE           	0008	0000	1216
		_readtemp      		CODE           	13EE	0000	170
		_setMask       		CODE           	0C96	0000	368

main.c estimated size: 2648

C:\Program Files (x86)\Microchip\xc8\v1.33\sources\common\ftoa.c
		_ftoa          		CODE           	0E06	0000	296

C:\Program Files (x86)\Microchip\xc8\v1.33\sources\common\ftoa.c estimated size: 296

C:\Program Files (x86)\Microchip\xc8\v1.33\sources\common\lltoft.c
		___lltoft      		CODE           	182E	0000	92

C:\Program Files (x86)\Microchip\xc8\v1.33\sources\common\lltoft.c estimated size: 92

C:\Program Files (x86)\Microchip\xc8\v1.33\sources\common\isdigit.c
		_isdigit       		CODE           	1AAC	0000	32

C:\Program Files (x86)\Microchip\xc8\v1.33\sources\common\isdigit.c estimated size: 32

